ASxxxx Linker V03.00/V05.40 + sdld,  page 1.
Hexadecimal  [32-Bits]

Area                       Addr        Size        Decimal Bytes (Attributes)
--------------------       ----        ----        ------- ----- ------------
.  .ABS.               00000000    00000000 =           0. bytes (ABS,CON)

        Value  Global            Value  Global            Value  Global    
        -----  ------            -----  ------            -----  ------    
     00000000  .__.ABS.  |    00000000  ___bank_D |    00000000  ___bank_D
     00000000  ___bank_F |    00000000  ___bank_G |    00000000  ___bank_H
     00000000  ___bank_T |    00000000  ___bank_W |    00000000  ___bank_l
     00000000  _rRAMG    |    00000000  l__BASE   |    00000000  l__BSS   
     00000000  l__CABS   |    00000000  l__CODE_0 |    00000000  l__DABS  
     00000000  l__EMU_HE |    00000000  l__FONT_H |    00000000  l__HEADER
     00000000  l__HEADER |    00000000  l__HEAP   |    00000000  l__HEAP_E
     00000000  l__HRAM   |    00000000  l__LIT    |    00000000  s__CABS  
     00000000  s__DABS   |    00000000  s__EMU_HE |    00000000  s__EMU_HE
     00000000  s__FONT_H |    00000000  s__FONT_H |    00000000  s__HEADER
     00000000  s__HEADER |    00000000  s__HEADER |    00000000  s__HEADER
     00000000  s__HEADER |    00000000  s__HEADER |    00000000  s__HEADER
     00000000  s__HEADER |    00000000  s__HEADER |    00000000  s__HEADER
     00000000  s__HEADER |    00000000  s__HEADER |    00000000  s__HEADER
     00000000  s__HEADER |    00000000  s__HEADER |    00000000  s__HEADER
     00000000  s__HEADER |    00000000  s__HEADER |    00000000  s__HEADER
     00000000  s__HEADER |    00000000  s__HEADER |    00000000  s__HRAM  
     00000000  s__HRAM12 |    00000001  l__GSFINA |    00000001  l__HEADER
     00000001  l__HEADER |    00000001  l__HEADER |    00000001  l__HEADER
     00000001  l__HEADER |    00000001  l__HEADER |    00000001  l__HEADER
     00000002  l__HEADER |    00000002  l__HEADER |    00000002  l__HEADER
     00000003  l__EMU_HE |    00000003  l__FONT_H |    00000003  l__HEADER
     00000003  l__HEADER |    00000003  l__HRAM12 |    00000005  l__HEADER
     00000006  l__HEADER |    00000007  l__HEADER |    00000008  l__HEADER
     0000000C  l__GSINIT |    00000030  l__HEADER |    00000032  l__INITIA
     00000032  l__INITIA |    0000005C  l__HEADER |    000000AF  l__HEADER
     000000BA  l__DATA   |    000000C0  ___bank_M |    000001A0  l__CODE_1
     00000200  s__CODE   |    00002000  _rROMB0   |    00002465  l__HOME  
     00003000  _rROMB1   |    00004000  _rRAMB    |    000050D5  l__CODE  
     000052D5  s__HOME   |    0000773A  s__BASE   |    0000773A  s__CODE_0
     0000773A  s__INITIA |    0000773A  s__LIT    |    0000776C  s__GSINIT
     00007778  s__GSFINA |    00008000  __VRAM    |    00008000  __VRAM800
     00008800  __VRAM880 |    00009000  __VRAM900 |    00009800  __SCRN0  
     00009C00  __SCRN1   |    0000A000  __SRAM    |    0000C000  __RAM    
     0000C000  _shadow_O |    0000C0A0  s__DATA   |    0000C15A  s__BSS   
     0000C15A  s__INITIA |    0000C18C  s__HEAP   |    0000C18C  s__HEAP_E
     0000D000  __RAMBANK |    0000E000  .STACK    |    0000FE00  __OAMRAM 
     0000FF00  _P1_REG   |    0000FF00  __IO      |    0000FF01  _SB_REG  
     0000FF02  _SC_REG   |    0000FF04  _DIV_REG  |    0000FF05  _TIMA_REG
     0000FF06  _TMA_REG  |    0000FF07  _TAC_REG  |    0000FF0F  _IF_REG  
     0000FF10  _NR10_REG |    0000FF11  _NR11_REG |    0000FF12  _NR12_REG
     0000FF13  _NR13_REG |    0000FF14  _NR14_REG |    0000FF16  _NR21_REG
     0000FF17  _NR22_REG |    0000FF18  _NR23_REG |    0000FF19  _NR24_REG
     0000FF1A  _NR30_REG |    0000FF1B  _NR31_REG |    0000FF1C  _NR32_REG
     0000FF1D  _NR33_REG |    0000FF1E  _NR34_REG |    0000FF20  _NR41_REG
     0000FF21  _NR42_REG |    0000FF22  _NR43_REG |    0000FF23  _NR44_REG
     0000FF24  _NR50_REG |    0000FF25  _NR51_REG |    0000FF26  _NR52_REG
     0000FF30  _AUD3WAVE |    0000FF30  _PCM_SAMP |    0000FF30  __AUD3WAV
     0000FF40  _LCDC_REG |    0000FF41  _STAT_REG |    0000FF42  _SCY_REG 
     0000FF43  _SCX_REG  |    0000FF44  _LY_REG   |    0000FF45  _LYC_REG 
ASxxxx Linker V03.00/V05.40 + sdld,  page 2.
Hexadecimal  [32-Bits]

Area                       Addr        Size        Decimal Bytes (Attributes)
--------------------       ----        ----        ------- ----- ------------
.  .ABS.               00000000    00000000 =           0. bytes (ABS,CON)

        Value  Global            Value  Global            Value  Global    
        -----  ------            -----  ------            -----  ------    
     0000FF46  _DMA_REG  |    0000FF47  _BGP_REG  |    0000FF48  _OBP0_REG
     0000FF49  _OBP1_REG |    0000FF4A  _WY_REG   |    0000FF4B  _WX_REG  
     0000FF4D  _KEY1_REG |    0000FF4F  _VBK_REG  |    0000FF51  _HDMA1_RE
     0000FF52  _HDMA2_RE |    0000FF53  _HDMA3_RE |    0000FF54  _HDMA4_RE
     0000FF55  _HDMA5_RE |    0000FF56  _RP_REG   |    0000FF68  _BCPS_REG
     0000FF69  _BCPD_REG |    0000FF6A  _OCPS_REG |    0000FF6B  _OCPD_REG
     0000FF70  _SVBK_REG |    0000FF76  _PCM12_RE |    0000FF77  _PCM34_RE
     0000FF80  .refresh_ |    0000FF80  __HRAM    |    0000FFFF  _IE_REG  
     00C04000  s__CODE_1
ASxxxx Linker V03.00/V05.40 + sdld,  page 3.
Hexadecimal  [32-Bits]

Area                       Addr        Size        Decimal Bytes (Attributes)
--------------------       ----        ----        ------- ----- ------------
_CODE                  00000200    000050D5 =       20693. bytes (REL,CON)

        Value  Global            Value  Global            Value  Global    
        -----  ------            -----  ------            -----  ------    
     00000200  _symbols  |    00000219  _Lvl_0_so |    0000022D  _Lvl_0_ob
     0000022F  _levels   |    00000267  _Glitters |    00000267  ___func_G
     0000026F  _Glitters |    0000028F  ___func_l |    0000028F  _lizzie_s
     0000029F  _lizzie_s |    0000059F  _TestMap_ |    0000059F  ___func_T
     00000E0F  _TestMap_ |    0000167F  _WaterSpr |    0000167F  ___func_W
     0000168F  _WaterSpr |    000017EF  _WaterSpr |    00001957  _WaterSpr
     00001ABF  _Heart_pa |    00001ABF  ___func_H |    00001AC7  _Heart_ti
     00001AE7  _Font_til |    00001AE7  ___func_F |    00001E27  _DialogTi
     00001E27  ___func_D |    00001E2F  _DialogTi |    00001EBF  _Dialog_m
     00001EBF  ___func_D |    00001F37  _Dialog_m |    0000395E  _Menuet  
     000044D2  _Spring   |    000044E7  _hUGE_ini |    000044E9  hUGE_init
     0000453F  _hUGE_mut |    00004541  hUGE_mute |    00004779  _hUGE_set
     0000477A  hUGE_set_ |    0000493B  _hUGE_dos |    0000493B  _hUGE_dos
     0000493B  hUGE_doso |    00004C67  _set_spri |    00004C6C  _set_bkg_
     00004C6F  .set_pale |    00004C8E  _set_spri |    00004C93  _set_bkg_
     00004C96  .set_pale |    00004CB2  __mulsuch |    00004CB5  __mulusch
     00004CBE  __mulscha |    00004CC6  __mulint  |    00004CE5  __mulucha
     00004CF7  ___memcpy |    00004CF7  _memcpy   |    00004D29  .sgb_chec
     00004D29  _sgb_chec |    00004D71  _sgb_tran |    00004D76  .sgb_tran
     00004DB7  _printf   |    00004DCC  _cpu_slow |    00004DE7  _cpu_fast
     00004DEE  _set_vram |    00004DF7  _set_win_ |    00004DFF  _set_bkg_
     00004E29  __divsuch |    00004E2F  __modsuch |    00004E38  __divusch
     00004E41  __modusch |    00004E4E  __divscha |    00004E53  __modscha
     00004E5A  __divsint |    00004E63  __modsint |    00004E6F  __divucha
     00004E74  __moducha |    00004E7B  __divuint |    00004E84  __moduint
     00004E90  .div8     |    00004E90  .mod8     |    00004E98  .div16   
     00004E98  .mod16    |    00004ECE  .divu8    |    00004ECE  .modu8   
     00004ED1  .divu16   |    00004ED1  .modu16   |    00004F11  _cgb_comp
     00004F11  _set_defa |    00004F2A  ___crlf   |    00004F65  ___printf
     000052B4  _sprintf 
ASxxxx Linker V03.00/V05.40 + sdld,  page 4.
Hexadecimal  [32-Bits]

Area                       Addr        Size        Decimal Bytes (Attributes)
--------------------       ----        ----        ------- ----- ------------
_HEADER0               00000000    00000001 =           1. bytes (ABS,CON)

        Value  Global            Value  Global            Value  Global    
        -----  ------            -----  ------            -----  ------    
     00000020  .call_hl 
ASxxxx Linker V03.00/V05.40 + sdld,  page 5.
Hexadecimal  [32-Bits]

Area                       Addr        Size        Decimal Bytes (Attributes)
--------------------       ----        ----        ------- ----- ------------
_HEADER1               00000000    00000005 =           5. bytes (ABS,CON)

        Value  Global            Value  Global            Value  Global    
        -----  ------            -----  ------            -----  ------    
     00000028  .MemsetSm
ASxxxx Linker V03.00/V05.40 + sdld,  page 6.
Hexadecimal  [32-Bits]

Area                       Addr        Size        Decimal Bytes (Attributes)
--------------------       ----        ----        ------- ----- ------------
_HEADER2               00000000    00000007 =           7. bytes (ABS,CON)

        Value  Global            Value  Global            Value  Global    
        -----  ------            -----  ------            -----  ------    
     00000030  .MemcpySm
ASxxxx Linker V03.00/V05.40 + sdld,  page 7.
Hexadecimal  [32-Bits]

Area                       Addr        Size        Decimal Bytes (Attributes)
--------------------       ----        ----        ------- ----- ------------
_HEADER3               00000000    00000008 =           8. bytes (ABS,CON)

        Value  Global            Value  Global            Value  Global    
        -----  ------            -----  ------            -----  ------    
ASxxxx Linker V03.00/V05.40 + sdld,  page 8.
Hexadecimal  [32-Bits]

Area                       Addr        Size        Decimal Bytes (Attributes)
--------------------       ----        ----        ------- ----- ------------
_HEADER4               00000000    0000005C =          92. bytes (ABS,CON)

        Value  Global            Value  Global            Value  Global    
        -----  ------            -----  ------            -----  ------    
     00000080  .int      |    0000008F  _wait_int |    0000009C  __standar
     000000AB  _refresh_ |    000000CC  .wait_vbl |    000000CC  _vsync   
     000000CC  _wait_vbl
ASxxxx Linker V03.00/V05.40 + sdld,  page 9.
Hexadecimal  [32-Bits]

Area                       Addr        Size        Decimal Bytes (Attributes)
--------------------       ----        ----        ------- ----- ------------
_HEADER5               00000000    00000001 =           1. bytes (ABS,CON)

        Value  Global            Value  Global            Value  Global    
        -----  ------            -----  ------            -----  ------    
ASxxxx Linker V03.00/V05.40 + sdld,  page 10.
Hexadecimal  [32-Bits]

Area                       Addr        Size        Decimal Bytes (Attributes)
--------------------       ----        ----        ------- ----- ------------
_HEADER6               00000000    00000002 =           2. bytes (ABS,CON)

        Value  Global            Value  Global            Value  Global    
        -----  ------            -----  ------            -----  ------    
ASxxxx Linker V03.00/V05.40 + sdld,  page 11.
Hexadecimal  [32-Bits]

Area                       Addr        Size        Decimal Bytes (Attributes)
--------------------       ----        ----        ------- ----- ------------
_HEADER7               00000000    00000030 =          48. bytes (ABS,CON)

        Value  Global            Value  Global            Value  Global    
        -----  ------            -----  ------            -----  ------    
ASxxxx Linker V03.00/V05.40 + sdld,  page 12.
Hexadecimal  [32-Bits]

Area                       Addr        Size        Decimal Bytes (Attributes)
--------------------       ----        ----        ------- ----- ------------
_HEADER8               00000000    00000006 =           6. bytes (ABS,CON)

        Value  Global            Value  Global            Value  Global    
        -----  ------            -----  ------            -----  ------    
ASxxxx Linker V03.00/V05.40 + sdld,  page 13.
Hexadecimal  [32-Bits]

Area                       Addr        Size        Decimal Bytes (Attributes)
--------------------       ----        ----        ------- ----- ------------
_HEADER9               00000000    00000003 =           3. bytes (ABS,CON)

        Value  Global            Value  Global            Value  Global    
        -----  ------            -----  ------            -----  ------    
ASxxxx Linker V03.00/V05.40 + sdld,  page 14.
Hexadecimal  [32-Bits]

Area                       Addr        Size        Decimal Bytes (Attributes)
--------------------       ----        ----        ------- ----- ------------
_HEADERa               00000000    00000001 =           1. bytes (ABS,CON)

        Value  Global            Value  Global            Value  Global    
        -----  ------            -----  ------            -----  ------    
ASxxxx Linker V03.00/V05.40 + sdld,  page 15.
Hexadecimal  [32-Bits]

Area                       Addr        Size        Decimal Bytes (Attributes)
--------------------       ----        ----        ------- ----- ------------
_HEADERb               00000000    00000001 =           1. bytes (ABS,CON)

        Value  Global            Value  Global            Value  Global    
        -----  ------            -----  ------            -----  ------    
ASxxxx Linker V03.00/V05.40 + sdld,  page 16.
Hexadecimal  [32-Bits]

Area                       Addr        Size        Decimal Bytes (Attributes)
--------------------       ----        ----        ------- ----- ------------
_HEADERc               00000000    00000001 =           1. bytes (ABS,CON)

        Value  Global            Value  Global            Value  Global    
        -----  ------            -----  ------            -----  ------    
ASxxxx Linker V03.00/V05.40 + sdld,  page 17.
Hexadecimal  [32-Bits]

Area                       Addr        Size        Decimal Bytes (Attributes)
--------------------       ----        ----        ------- ----- ------------
_HEADERd               00000000    00000002 =           2. bytes (ABS,CON)

        Value  Global            Value  Global            Value  Global    
        -----  ------            -----  ------            -----  ------    
ASxxxx Linker V03.00/V05.40 + sdld,  page 18.
Hexadecimal  [32-Bits]

Area                       Addr        Size        Decimal Bytes (Attributes)
--------------------       ----        ----        ------- ----- ------------
_HEADERe               00000000    00000001 =           1. bytes (ABS,CON)

        Value  Global            Value  Global            Value  Global    
        -----  ------            -----  ------            -----  ------    
ASxxxx Linker V03.00/V05.40 + sdld,  page 19.
Hexadecimal  [32-Bits]

Area                       Addr        Size        Decimal Bytes (Attributes)
--------------------       ----        ----        ------- ----- ------------
_HEADERf               00000000    00000001 =           1. bytes (ABS,CON)

        Value  Global            Value  Global            Value  Global    
        -----  ------            -----  ------            -----  ------    
ASxxxx Linker V03.00/V05.40 + sdld,  page 20.
Hexadecimal  [32-Bits]

Area                       Addr        Size        Decimal Bytes (Attributes)
--------------------       ----        ----        ------- ----- ------------
_HEADER10              00000000    00000002 =           2. bytes (ABS,CON)

        Value  Global            Value  Global            Value  Global    
        -----  ------            -----  ------            -----  ------    
ASxxxx Linker V03.00/V05.40 + sdld,  page 21.
Hexadecimal  [32-Bits]

Area                       Addr        Size        Decimal Bytes (Attributes)
--------------------       ----        ----        ------- ----- ------------
_HEADER11              00000000    000000AF =         175. bytes (ABS,CON)

        Value  Global            Value  Global            Value  Global    
        -----  ------            -----  ------            -----  ------    
     00000150  .reset    |    00000150  _reset    |    00000157  .code_sta
     000001B9  _exit     |    000001BD  _set_inte |    000001D1  .remove_V
     000001D1  _remove_V |    000001D4  .remove_i |    000001F1  .add_VBL 
     000001F1  _add_VBL  |    000001F4  .add_int 
ASxxxx Linker V03.00/V05.40 + sdld,  page 22.
Hexadecimal  [32-Bits]

Area                       Addr        Size        Decimal Bytes (Attributes)
--------------------       ----        ----        ------- ----- ------------
_HOME                  000052D5    00002465 =        9317. bytes (REL,CON)

        Value  Global            Value  Global            Value  Global    
        -----  ------            -----  ------            -----  ------    
     000052D5  .memset_s |    000052DE  .memcpy_s |    000052FB  .display_
     000052FB  _display_ |    00005313  _shouldBl |    0000531F  _bp      
     00005327  _main     |    0000546D  _hUGEisr  |    00005470  _text    
     00005488  _funfact  |    000054F4  _abc      |    0000550E  _set_bank
     00005535  _play     |    00005546  _scroll_s |    00005678  _collidin
     00005704  _canInter |    00005790  _win_prin |    000058CB  _show_dia
     00005965  _walking  |    00005B6B  _inputs   |    00006031  _camera_p
     00006554  _cfadeout |    000066DC  _cfadein  |    00006853  _fadeout 
     000068C0  _fadein   |    0000692E  _setupBkg |    00006A46  _setupSpr
     00006AA5  _setupUI  |    00006B79  _setupMus |    00006B95  _setup   
     00006BBB  _changelv |    00006C33  _mainloop |    00006CCD  _fill_win
     00006CDF  _font_loa |    00006CE6  font_load |    00006D2E  font_copy
     00006D64  font_set  |    00006D71  .put_char |    00006D89  .out_char
     00006D8F  .del_char |    00006DE5  _putchar  |    00006DEE  _setchar 
     00006DF7  _font_loa |    00006E05  _font_set |    00006E14  _font_ini
     00006E33  .cls      |    00006E33  _cls      |    00006E55  _gotoxy  
     00006E60  _posx     |    00006E71  _posy     |    00006E99  .cr_curs 
     00006EAE  .adv_curs |    00006F0A  .tmode    |    00006F27  .tmode_ou
     00006F30  _set_bkg_ |    00006F30  _set_win_ |    00006F38  _set_spri
     00006F90  .padup    |    00006F90  _waitpadu |    00006FA0  .jpad    
     00006FA0  _joypad   |    00006FC8  _waitpad  |    00006FC9  .wait_pad
     00006FD0  _EMU_prof |    00007018  _set_win_ |    0000702C  _set_tile
     00007031  _set_bkg_ |    00007031  _set_win_ |    00007039  _set_spri
     00007069  .fill_rec |    00007072  .fill_rec |    000070BF  _joypad_i
     0000710D  .joypad_e |    0000710D  _joypad_e |    00007158  _set_bkg_
     0000719B  .set_xy_w |    000071A4  .set_xy_b |    000071B3  .set_xy_s
     000071FD  _color    |    000071FD  _set_1bpp |    0000720C  _puts    
     0000722F  .drawing_ |    0000724C  _font_ibm |    0000762D  .add_LCD 
     0000762D  _add_LCD  |    00007633  .remove_L |    00007633  _remove_L
     00007639  .set_xy_w |    00007642  .set_xy_b |    00007651  .set_xy_t
     00007693  _uitoa    |    000076A2  _itoa     |    000076B1  .itoa    
     000076C5  .utoa     |    00007739  ___sdcc_c
ASxxxx Linker V03.00/V05.40 + sdld,  page 23.
Hexadecimal  [32-Bits]

Area                       Addr        Size        Decimal Bytes (Attributes)
--------------------       ----        ----        ------- ----- ------------
_INITIALIZER           0000773A    00000032 =          50. bytes (REL,CON)

        Value  Global            Value  Global            Value  Global    
        -----  ------            -----  ------            -----  ------    
ASxxxx Linker V03.00/V05.40 + sdld,  page 24.
Hexadecimal  [32-Bits]

Area                       Addr        Size        Decimal Bytes (Attributes)
--------------------       ----        ----        ------- ----- ------------
_GSINIT                0000776C    0000000C =          12. bytes (REL,CON)

        Value  Global            Value  Global            Value  Global    
        -----  ------            -----  ------            -----  ------    
     0000776C  gsinit   
ASxxxx Linker V03.00/V05.40 + sdld,  page 25.
Hexadecimal  [32-Bits]

Area                       Addr        Size        Decimal Bytes (Attributes)
--------------------       ----        ----        ------- ----- ------------
_GSFINAL               00007778    00000001 =           1. bytes (REL,CON)

        Value  Global            Value  Global            Value  Global    
        -----  ------            -----  ------            -----  ------    
ASxxxx Linker V03.00/V05.40 + sdld,  page 26.
Hexadecimal  [32-Bits]

Area                       Addr        Size        Decimal Bytes (Attributes)
--------------------       ----        ----        ------- ----- ------------
_DATA                  0000C0A0    000000BA =         186. bytes (REL,CON)

        Value  Global            Value  Global            Value  Global    
        -----  ------            -----  ------            -----  ------    
     0000C0A0  __cpu     |    0000C0A1  __is_GBA  |    0000C0A2  .mode    
     0000C0A3  .sys_time |    0000C0A3  _sys_time |    0000C0A5  .int_0x40
     0000C0B1  _jpads    |    0000C0B6  _timer    |    0000C0B7  _camera  
     0000C0BB  _currlvl  |    0000C0D7  font_curr |    0000C0DA  font_firs
     0000C0DB  font_tabl |    0000C109  _hUGE_cur |    0000C109  hUGE_curr
     0000C10A  _hUGE_mut |    0000C151  .image_ti |    0000C152  .int_0x48
ASxxxx Linker V03.00/V05.40 + sdld,  page 27.
Hexadecimal  [32-Bits]

Area                       Addr        Size        Decimal Bytes (Attributes)
--------------------       ----        ----        ------- ----- ------------
_INITIALIZED           0000C15A    00000032 =          50. bytes (REL,CON)

        Value  Global            Value  Global            Value  Global    
        -----  ------            -----  ------            -----  ------    
     0000C15A  _showingD |    0000C15B  _done     |    0000C15C  _pressing
     0000C15D  _pressing |    0000C15E  _isCollid |    0000C161  _load_lvl
     0000C162  _BGPalett |    0000C16A  _BGPalett |    0000C172  _BGPalett
     0000C17A  _player   |    0000C185  .curx     |    0000C186  .cury    
     0000C187  __submap_ |    0000C188  .fg_colou |    0000C188  __current
     0000C189  .bg_colou |    0000C18A  .draw_mod |    0000C18B  __map_til
ASxxxx Linker V03.00/V05.40 + sdld,  page 28.
Hexadecimal  [32-Bits]

Area                       Addr        Size        Decimal Bytes (Attributes)
--------------------       ----        ----        ------- ----- ------------
_HRAM12                00000000    00000003 =           3. bytes (ABS,CON)

        Value  Global            Value  Global            Value  Global    
        -----  ------            -----  ------            -----  ------    
     0000FF90  __current |    0000FF92  __shadow_
ASxxxx Linker V03.00/V05.40 + sdld,  page 29.
Hexadecimal  [32-Bits]

Area                       Addr        Size        Decimal Bytes (Attributes)
--------------------       ----        ----        ------- ----- ------------
_CODE_192              00C04000    000001A0 =         416. bytes (REL,CON)

        Value  Global            Value  Global            Value  Global    
        -----  ------            -----  ------            -----  ------    
     00C04000  _MapTiles |    00C04000  ___func_M
ASxxxx Linker V03.00/V05.40 + sdld,  page 30.
Hexadecimal  [32-Bits]

Area                       Addr        Size        Decimal Bytes (Attributes)
--------------------       ----        ----        ------- ----- ------------
_FONT_HEADER0          00000000    00000003 =           3. bytes (ABS,CON)

        Value  Global            Value  Global            Value  Global    
        -----  ------            -----  ------            -----  ------    
ASxxxx Linker V03.00/V05.40 + sdld,  page 31.
Hexadecimal  [32-Bits]

Area                       Addr        Size        Decimal Bytes (Attributes)
--------------------       ----        ----        ------- ----- ------------
_EMU_HEADER0           00000000    00000003 =           3. bytes (ABS,CON)

        Value  Global            Value  Global            Value  Global    
        -----  ------            -----  ------            -----  ------    
ASxxxx Linker V03.00/V05.40 + sdld,  page 32.
Hexadecimal  [32-Bits]

Area                       Addr        Size        Decimal Bytes (Attributes)
--------------------       ----        ----        ------- ----- ------------
_HEADER_LCD0           00000000    00000003 =           3. bytes (ABS,CON)

        Value  Global            Value  Global            Value  Global    
        -----  ------            -----  ------            -----  ------    
ASxxxx Linker V03.00/V05.40 + sdld,  page 33.

Files Linked                              [ module(s) ]

/usr/local/gbdk/lib/gb/crt0.o             [ Runtime ]
/tmp/lcc463510.rel                        [ main ]
/tmp/lcc463511.rel                        [ funcs ]
/tmp/lcc463512.rel                        [ lizzie ]
/tmp/lcc463513.rel                        [ camera ]
/tmp/lcc463514.rel                        [ gfx ]
/tmp/lcc463515.rel                        [ setup ]
/tmp/lcc463516.rel                        [ structs ]
/tmp/lcc463517.rel                        [ MapTiles ]
/tmp/lcc463518.rel                        [ Glitters ]
/tmp/lcc463519.rel                        [ lizzie_spr ]
/tmp/lcc4635110.rel                       [ TestMap ]
/tmp/lcc4635111.rel                       [ WaterSpring ]
/tmp/lcc4635112.rel                       [ Heart ]
/tmp/lcc4635113.rel                       [ Font ]
/tmp/lcc4635114.rel                       [ DialogTiles ]
/tmp/lcc4635115.rel                       [ Dialog ]
/tmp/lcc4635116.rel                       [ Menuet ]
/tmp/lcc4635117.rel                       [ Spring ]


Libraries Linked                          [ object file ]

/usr/local/gbdk/lib/gb/gb.lib             [ fill_rect_wi.o ]
/usr/local/gbdk/lib/gb/gb.lib             [ font.o ]
src/inc/hUGEDriver.lib                    [ hUGEDriver.o ]
/usr/local/gbdk/lib/gb/gb.lib             [ set_1bit_data.o ]
/usr/local/gbdk/lib/gb/gb.lib             [ pad.o ]
/usr/local/gbdk/lib/gb/gb.lib             [ sfr.o ]
/usr/local/gbdk/lib/gb/gb.lib             [ emu_debug.o ]
/usr/local/gbdk/lib/gb/gb.lib             [ cgb_palettes.o ]
/usr/local/gbdk/lib/sm83/sm83.lib         [ mul.o ]
/usr/local/gbdk/lib/gb/gb.lib             [ set_wi_t.o ]
/usr/local/gbdk/lib/gb/gb.lib             [ set_data.o ]
/usr/local/gbdk/lib/gb/gb.lib             [ fill_rect.o ]
/usr/local/gbdk/lib/gb/gb.lib             [ pad_ex.o ]
/usr/local/gbdk/lib/gb/gb.lib             [ set_tile_submap.o ]
/usr/local/gbdk/lib/sm83/sm83.lib         [ memcpy.o ]
/usr/local/gbdk/lib/gb/gb.lib             [ color.o ]
/usr/local/gbdk/lib/sm83/sm83.lib         [ puts.o ]
/usr/local/gbdk/lib/gb/gb.lib             [ drawing_isr.o ]
/usr/local/gbdk/lib/gb/gb.lib             [ f_ibm_sh.o ]
/usr/local/gbdk/lib/gb/gb.lib             [ sgb.o ]
/usr/local/gbdk/lib/gb/gb.lib             [ lcd.o ]
/usr/local/gbdk/lib/gb/gb.lib             [ set_xy_t.o ]
/usr/local/gbdk/lib/sm83/sm83.lib         [ printf.o ]
/usr/local/gbdk/lib/gb/gb.lib             [ cgb.o ]
/usr/local/gbdk/lib/gb/gb.lib             [ set_tile.o ]
/usr/local/gbdk/lib/sm83/sm83.lib         [ div.o ]
/usr/local/gbdk/lib/gb/gb.lib             [ cgb_compat.o ]
/usr/local/gbdk/lib/gb/gb.lib             [ crlf.o ]
/usr/local/gbdk/lib/sm83/sm83.lib         [ sprintf.o ]
/usr/local/gbdk/lib/sm83/sm83.lib         [ itoa.o ]
/usr/local/gbdk/lib/sm83/sm83.lib         [ __sdcc_call_hl.o ]

ASxxxx Linker V03.00/V05.40 + sdld,  page 34.

User Base Address Definitions

_DATA=0xC0A0
_CODE=0x0200
ASxxxx Linker V03.00/V05.40 + sdld,  page 35.

User Global Definitions

_shadow_OAM=0xC000
.STACK=0xE000
.refresh_OAM=0xFF80

